Open On-Chip Debugger 0.12.0 (2026-03-02) [https://github.com/sysprogs/openocd]
Licensed under GNU GPL v2
libusb1 d52e355daa09f17ce64819122cb067b8a2ee0d4b
For bug reports, read
	http://openocd.org/doc/doxygen/bugs.html
adapter speed: 10000 kHz
Info : tcl server disabled
Info : Listening on port 4444 for telnet connections
Info : Using CMSIS-DAPv2 interface with VID:PID=0x0d28:0x0204, serial=000000800671ff525154887767033308a5a5a5a597969908
Info : CMSIS-DAP: SWD supported
Info : CMSIS-DAP: Atomic commands supported
Info : CMSIS-DAP: FW Version = 2.2.3R
Info : CMSIS-DAP: Serial# = D17708E4C284
Info : CMSIS-DAP: Interface Initialised (SWD)
Info : SWCLK/TCK = 1 SWDIO/TMS = 1 TDI = 0 TDO = 0 nTRST = 0 nRESET = 1
Info : CMSIS-DAP: Interface ready
Info : clock speed 10000 kHz
Info : SWD DPIDR 0x6ba02477
Info : [stm32h7x.ap2] Examination succeed
Info : [stm32h7x.cpu0] Cortex-M7 r1p2 processor detected
Warn : [stm32h7x.cpu0] Erratum 3092511: Cortex-M7 can halt in an incorrect address when breakpoint and exception occurs simultaneously
Info : [stm32h7x.cpu0] The erratum 3092511 workaround will resume after an incorrect halt
Info : [stm32h7x.cpu0] target has 8 breakpoints, 4 watchpoints
Info : [stm32h7x.cpu0] Examination succeed
Info : [stm32h7x.ap2] gdb port disabled
Info : [stm32h7x.cpu0] starting gdb server on 3333
Info : Listening on port 3333 for gdb connections
Info : accepting 'telnet' connection on tcp/4444
[stm32h7x.cpu0] halted due to debug-request, current mode: Thread 
xPSR: 0x01000000 pc: 0x08020b20 msp: 0x24000b7c
[stm32h7x.cpu0] halted due to debug-request, current mode: Thread 
xPSR: 0x01000000 pc: 0x08020b20 msp: 0x24000b7c
** Programming Started **
Info : Device: STM32H72x/73x
Info : flash size probed value 1024k
Info : STM32H7 flash has a single bank
Info : Bank (0) size is 1024 kb, base address is 0x08000000
Info : Padding image section 1 at 0x0803cf84 with 28 bytes (bank write end alignment)
Warn : Adding extra erase range, 0x0803cfa0 .. 0x0803ffff
** Programming Finished **
** Verify Started **
** Verified OK **
Info : dropped 'telnet' connection (error -400)
Info : accepting 'telnet' connection on tcp/4444
Error: error during read: Bad file descriptor
Info : dropped 'telnet' connection (error -400)
Info : accepting 'telnet' connection on tcp/4444
[stm32h7x.cpu0] halted due to debug-request, current mode: Thread 
xPSR: 0x01000000 pc: 0x08020b50 msp: 0x24000b7c
[stm32h7x.cpu0] halted due to debug-request, current mode: Thread 
xPSR: 0x01000000 pc: 0x08020b50 msp: 0x24000b7c
** Programming Started **
Info : Padding image section 1 at 0x0803cf94 with 12 bytes (bank write end alignment)
Warn : Adding extra erase range, 0x0803cfa0 .. 0x0803ffff
** Programming Finished **
** Verify Started **
** Verified OK **
Info : dropped 'telnet' connection (error -400)
Info : accepting 'telnet' connection on tcp/4444
Error: error during read: Bad file descriptor
Info : dropped 'telnet' connection (error -400)
Info : accepting 'telnet' connection on tcp/4444
shutdown command invoked
Info : dropped 'telnet' connection (error -400)
